[themesdesign.in/tailwick/html/dashboards-analytics.html]
[backblue.gif]
[fade.gif]
[index.html]
[themesdesign.in/tailwick/html/assets/images/favicon.ico]
[themesdesign.in/tailwick/html/assets/js/layout.js]
[themesdesign.in/tailwick/html/assets/css/tailwind2.css]
[themesdesign.in/tailwick/html/index.html]
[themesdesign.in/tailwick/html/assets/images/logo-dark.png]
[themesdesign.in/tailwick/html/assets/images/logo-light.png]
[themesdesign.in/tailwick/html/dashboards-email.html]
[themesdesign.in/tailwick/html/dashboards-hr.html]
[themesdesign.in/tailwick/html/dashboards-social-media.html]
[themesdesign.in/tailwick/html/onepage-landing.html]
[themesdesign.in/tailwick/html/product-landing.html]
[themesdesign.in/tailwick/html/apps-chat.html]
[themesdesign.in/tailwick/html/apps-mailbox.html]
[themesdesign.in/tailwick/html/apps-calendar.html]
[themesdesign.in/tailwick/html/apps-calendar-month-grid.html]
[themesdesign.in/tailwick/html/apps-calendar-multi-month-stack.html]
[themesdesign.in/tailwick/html/apps-ecommerce-product-list.html]
[themesdesign.in/tailwick/html/apps-ecommerce-product-grid.html]
[themesdesign.in/tailwick/html/apps-ecommerce-product-overview.html]
[themesdesign.in/tailwick/html/apps-ecommerce-product-create.html]
[themesdesign.in/tailwick/html/apps-ecommerce-cart.html]
[themesdesign.in/tailwick/html/apps-ecommerce-checkout.html]
[themesdesign.in/tailwick/html/apps-ecommerce-orders.html]
[themesdesign.in/tailwick/html/apps-ecommerce-order-overview.html]
[themesdesign.in/tailwick/html/apps-ecommerce-sellers.html]
[themesdesign.in/tailwick/html/apps-hr-employee.html]
[themesdesign.in/tailwick/html/apps-hr-holidays.html]
[themesdesign.in/tailwick/html/apps-hr-leave-employee.html]
[themesdesign.in/tailwick/html/apps-hr-create-leave-employee.html]
[themesdesign.in/tailwick/html/apps-hr-leave.html]
[themesdesign.in/tailwick/html/apps-hr-create-leave.html]
[themesdesign.in/tailwick/html/apps-hr-attendance.html]
[themesdesign.in/tailwick/html/apps-hr-attendance-main.html]
[themesdesign.in/tailwick/html/apps-hr-department.html]
[themesdesign.in/tailwick/html/apps-hr-sales-estimates.html]
[themesdesign.in/tailwick/html/apps-hr-sales-payments.html]
[themesdesign.in/tailwick/html/apps-hr-sales-expenses.html]
[themesdesign.in/tailwick/html/apps-hr-payroll-employee-salary.html]
[themesdesign.in/tailwick/html/apps-hr-payroll-payslip.html]
[themesdesign.in/tailwick/html/apps-hr-payroll-create-payslip.html]
[themesdesign.in/tailwick/html/apps-notes.html]
[themesdesign.in/tailwick/html/apps-social-friends.html]
[themesdesign.in/tailwick/html/apps-social-event.html]
[themesdesign.in/tailwick/html/apps-social-video.html]
[themesdesign.in/tailwick/html/apps-social-marketplace.html]
[themesdesign.in/tailwick/html/apps-invoice-list.html]
[themesdesign.in/tailwick/html/apps-invoice-add-new.html]
[themesdesign.in/tailwick/html/apps-invoice-overview.html]
[themesdesign.in/tailwick/html/apps-users-list.html]
[themesdesign.in/tailwick/html/apps-users-grid.html]
[themesdesign.in/tailwick/html/auth-login-basic.html]
[themesdesign.in/tailwick/html/auth-login-cover.html]
[themesdesign.in/tailwick/html/auth-login-boxed.html]
[themesdesign.in/tailwick/html/auth-login-modern.html]
[themesdesign.in/tailwick/html/auth-register-basic.html]
[themesdesign.in/tailwick/html/auth-register-cover.html]
[themesdesign.in/tailwick/html/auth-register-boxed.html]
[themesdesign.in/tailwick/html/auth-register-modern.html]
[themesdesign.in/tailwick/html/auth-verify-email-basic.html]
[themesdesign.in/tailwick/html/auth-verify-email-cover.html]
[themesdesign.in/tailwick/html/auth-verify-email-modern.html]
[themesdesign.in/tailwick/html/auth-two-steps-basic.html]
[themesdesign.in/tailwick/html/auth-two-steps-cover.html]
[themesdesign.in/tailwick/html/auth-two-steps-boxed.html]
[themesdesign.in/tailwick/html/auth-two-steps-modern.html]
[themesdesign.in/tailwick/html/auth-logout-basic.html]
[themesdesign.in/tailwick/html/auth-logout-cover.html]
[themesdesign.in/tailwick/html/auth-logout-boxed.html]
[themesdesign.in/tailwick/html/auth-logout-modern.html]
[themesdesign.in/tailwick/html/auth-reset-password-basic.html]
[themesdesign.in/tailwick/html/auth-reset-password-cover.html]
[themesdesign.in/tailwick/html/auth-reset-password-boxed.html]
[themesdesign.in/tailwick/html/auth-reset-password-modern.html]
[themesdesign.in/tailwick/html/auth-create-password-basic.html]
[themesdesign.in/tailwick/html/auth-create-password-cover.html]
[themesdesign.in/tailwick/html/auth-create-password-boxed.html]
[themesdesign.in/tailwick/html/auth-create-password-modern.html]
[themesdesign.in/tailwick/html/pages-account.html]
[themesdesign.in/tailwick/html/pages-account-settings.html]
[themesdesign.in/tailwick/html/pages-pricing.html]
[themesdesign.in/tailwick/html/pages-faqs.html]
[themesdesign.in/tailwick/html/pages-contact-us.html]
[themesdesign.in/tailwick/html/pages-coming-soon.html]
[themesdesign.in/tailwick/html/pages-404.html]
[themesdesign.in/tailwick/html/pages-offline.html]
[themesdesign.in/tailwick/html/pages-maintenance.html]
[themesdesign.in/tailwick/html/ui-alerts.html]
[themesdesign.in/tailwick/html/ui-avatar.html]
[themesdesign.in/tailwick/html/ui-buttons.html]
[themesdesign.in/tailwick/html/ui-label.html]
[themesdesign.in/tailwick/html/ui-cards.html]
[themesdesign.in/tailwick/html/ui-collapse.html]
[themesdesign.in/tailwick/html/ui-countdown.html]
[themesdesign.in/tailwick/html/ui-drawer.html]
[themesdesign.in/tailwick/html/ui-dropdown.html]
[themesdesign.in/tailwick/html/ui-gallery.html]
[themesdesign.in/tailwick/html/ui-lists.html]
[themesdesign.in/tailwick/html/ui-notification.html]
[themesdesign.in/tailwick/html/ui-modal.html]
[themesdesign.in/tailwick/html/ui-spinners.html]
[themesdesign.in/tailwick/html/ui-timeline.html]
[themesdesign.in/tailwick/html/ui-progress-bar.html]
[themesdesign.in/tailwick/html/ui-tooltip.html]
[themesdesign.in/tailwick/html/ui-video.html]
[themesdesign.in/tailwick/html/plugins-sweetalert.html]
[themesdesign.in/tailwick/html/plugins-simplebar.html]
[themesdesign.in/tailwick/html/plugins-lightbox.html]
[themesdesign.in/tailwick/html/plugins-swiper-slider.html]
[themesdesign.in/tailwick/html/plugins-scroll-hint.html]
[themesdesign.in/tailwick/html/plugins-video-player.html]
[themesdesign.in/tailwick/html/navigation-navbars.html]
[themesdesign.in/tailwick/html/navigation-tabs.html]
[themesdesign.in/tailwick/html/navigation-breadcrumb.html]
[themesdesign.in/tailwick/html/navigation-pagination.html]
[themesdesign.in/tailwick/html/forms-basic.html]
[themesdesign.in/tailwick/html/forms-validation.html]
[themesdesign.in/tailwick/html/forms-input-mask.html]
[themesdesign.in/tailwick/html/forms-select.html]
[themesdesign.in/tailwick/html/forms-checkbox-radio.html]
[themesdesign.in/tailwick/html/forms-switches.html]
[themesdesign.in/tailwick/html/forms-wizard.html]
[themesdesign.in/tailwick/html/forms-file-upload.html]
[themesdesign.in/tailwick/html/forms-datepicker.html]
[themesdesign.in/tailwick/html/forms-timepicker.html]
[themesdesign.in/tailwick/html/forms-colorpicker.html]
[themesdesign.in/tailwick/html/forms-multi-select.html]
[themesdesign.in/tailwick/html/forms-input-spin.html]
[themesdesign.in/tailwick/html/forms-clipboard.html]
[themesdesign.in/tailwick/html/forms-editor-balloon.html]
[themesdesign.in/tailwick/html/forms-editor-classic.html]
[themesdesign.in/tailwick/html/forms-editor-inline.html]
[themesdesign.in/tailwick/html/tables-basic.html]
[themesdesign.in/tailwick/html/tables-datatable.html]
[themesdesign.in/tailwick/html/tables-listjs.html]
[themesdesign.in/tailwick/html/tables-gridjs.html]
[themesdesign.in/tailwick/html/charts-apex-area.html]
[themesdesign.in/tailwick/html/charts-apex-bar.html]
[themesdesign.in/tailwick/html/charts-apex-boxplot.html]
[themesdesign.in/tailwick/html/charts-apex-bubble.html]
[themesdesign.in/tailwick/html/charts-apex-candlstick.html]
[themesdesign.in/tailwick/html/charts-apex-column.html]
[themesdesign.in/tailwick/html/charts-apex-funnel.html]
[themesdesign.in/tailwick/html/charts-apex-heatmap.html]
[themesdesign.in/tailwick/html/charts-apex-line.html]
[themesdesign.in/tailwick/html/charts-apex-mixed.html]
[themesdesign.in/tailwick/html/charts-apex-pie.html]
[themesdesign.in/tailwick/html/charts-apex-polar.html]
[themesdesign.in/tailwick/html/charts-apex-radar.html]
[themesdesign.in/tailwick/html/charts-apex-radialbar.html]
[themesdesign.in/tailwick/html/charts-apex-range-area.html]
[themesdesign.in/tailwick/html/charts-apex-scatter.html]
[themesdesign.in/tailwick/html/charts-apex-timeline.html]
[themesdesign.in/tailwick/html/charts-apex-treemap.html]
[themesdesign.in/tailwick/html/icons-remix.html]
[themesdesign.in/tailwick/html/icons-lucide.html]
[themesdesign.in/tailwick/html/maps-google.html]
[themesdesign.in/tailwick/html/maps-leaflet.html]
[themesdesign.in/tailwick/html/assets/images/avatar-3.png]
[themesdesign.in/tailwick/html/assets/images/avatar-5.png]
[themesdesign.in/tailwick/html/assets/images/avatar-7.png]
[themesdesign.in/tailwick/html/assets/images/img-012.png]
[themesdesign.in/tailwick/html/assets/images/img-03.png]
[themesdesign.in/tailwick/html/assets/images/img-09.png]
[themesdesign.in/tailwick/html/assets/libs/choices.js/public/assets/scripts/choices.min.js]
[themesdesign.in/tailwick/html/assets/libs/@popperjs/core/umd/popper.min.js]
[themesdesign.in/tailwick/html/assets/libs/tippy.js/tippy-bundle.umd.min.js]
[themesdesign.in/tailwick/html/assets/libs/simplebar/simplebar.min.js]
[themesdesign.in/tailwick/html/assets/libs/prismjs/prism.js]
[themesdesign.in/tailwick/html/assets/libs/lucide/umd/lucide.js]
[themesdesign.in/tailwick/html/assets/js/tailwick.bundle.js]
[themesdesign.in/tailwick/html/assets/libs/apexcharts/apexcharts.min.js]
[apexcharts.com/samples/assets/stock-prices.js]
[themesdesign.in/tailwick/html/assets/js/pages/dashboards-analytics.init.js]
[themesdesign.in/tailwick/html/dashboards-analytics.html]
[themesdesign.in/tailwick/html/assets/js/app.js]
[themesdesign.in/tailwick/html/assets/css/remixicona57d.eot]
[themesdesign.in/tailwick/html/assets/css/remixicona57d.woff2]
[themesdesign.in/tailwick/html/assets/css/remixicona57d.woff]
[themesdesign.in/tailwick/html/assets/css/remixicona57d.ttf]
[themesdesign.in/tailwick/html/assets/css/tailwind2.css]
[themesdesign.in/tailwick/html/assets/images/dashboard.png]
[themesdesign.in/tailwick/html/assets/images/avatar-2.png]
[themesdesign.in/tailwick/html/assets/images/avatar-4.png]
[themesdesign.in/tailwick/html/assets/images/img-02.png]
[themesdesign.in/tailwick/html/assets/images/img-04.png]
[themesdesign.in/tailwick/html/assets/images/img-05.png]
[themesdesign.in/tailwick/html/assets/images/img-06.png]
[themesdesign.in/tailwick/html/index.html]
[themesdesign.in/tailwick/html/assets/js/pages/dashboards-ecommerce.init.js]
[themesdesign.in/tailwick/html/assets/images/email-dashboard.png]
[themesdesign.in/tailwick/html/dashboards-email.html]
[themesdesign.in/tailwick/html/assets/js/pages/dashboards-email.init.js]
[themesdesign.in/tailwick/html/assets/images/avatar-10.png]
[themesdesign.in/tailwick/html/assets/images/support.png]
[themesdesign.in/tailwick/html/assets/images/user-1.jpg]
[themesdesign.in/tailwick/html/assets/images/user-2.jpg]
[themesdesign.in/tailwick/html/assets/images/user-3.jpg]
[themesdesign.in/tailwick/html/assets/images/avatar-6.png]
[themesdesign.in/tailwick/html/assets/images/birthday.png]
[themesdesign.in/tailwick/html/assets/libs/vanilla-calendar-pro/build/vanilla-calendar.min.js]
[themesdesign.in/tailwick/html/dashboards-hr.html]
[themesdesign.in/tailwick/html/assets/js/pages/dashboards-hr.init.js]
[themesdesign.in/tailwick/html/assets/images/avatar-1.png]
[themesdesign.in/tailwick/html/assets/images/adwords.png]
[themesdesign.in/tailwick/html/assets/images/meta.png]
[themesdesign.in/tailwick/html/assets/images/avatar-8.png]
[themesdesign.in/tailwick/html/assets/images/avatar-9.png]
[themesdesign.in/tailwick/html/assets/images/small/img-6.jpg]
[themesdesign.in/tailwick/html/assets/images/img-6.jpg]
[themesdesign.in/tailwick/html/assets/images/small/img-3.jpg]
[themesdesign.in/tailwick/html/assets/images/img-3.jpg]
[themesdesign.in/tailwick/html/assets/images/img-5.jpg]
[themesdesign.in/tailwick/html/assets/images/app-store.png]
[themesdesign.in/tailwick/html/assets/images/slack.png]
[themesdesign.in/tailwick/html/assets/libs/list.js/list.min.js]
[themesdesign.in/tailwick/html/assets/libs/dropzone/dropzone-min.js]
[themesdesign.in/tailwick/html/assets/libs/glightbox/js/glightbox.min.js]
[themesdesign.in/tailwick/html/assets/js/pages/apps-dashboards-social.init.js]
[themesdesign.in/tailwick/html/dashboards-social-media.html]
[themesdesign.in/tailwick/html/assets/images/widgets.jpg]
[themesdesign.in/tailwick/html/assets/images/widgets-3.jpg]
[themesdesign.in/tailwick/html/assets/images/widgets-2.jpg]
[themesdesign.in/tailwick/html/assets/images/home.jpg]
[themesdesign.in/tailwick/html/assets/images/chat.jpg]
[themesdesign.in/tailwick/html/assets/images/email.jpg]
[themesdesign.in/tailwick/html/assets/images/order-overview.jpg]
[themesdesign.in/tailwick/html/assets/images/widgets-4.jpg]
[themesdesign.in/tailwick/html/assets/images/widgets-5.jpg]
[themesdesign.in/tailwick/html/assets/images/widgets-6.jpg]
[themesdesign.in/tailwick/html/assets/images/widgets-7.jpg]
[themesdesign.in/tailwick/html/assets/js/pages/landing-onepage.init.js]
[themesdesign.in/tailwick/html/onepage-landing.html]
[unpkg.com/aos@3.0.0-beta.6/dist/aos.css]
[themesdesign.in/tailwick/html/assets/images/offer.png]
[themesdesign.in/tailwick/html/assets/images/product-home.png]
[themesdesign.in/tailwick/html/assets/images/img-16.png]
[themesdesign.in/tailwick/html/assets/images/img-17.png]
[themesdesign.in/tailwick/html/assets/images/img-18.png]
[themesdesign.in/tailwick/html/assets/images/img-19.png]
[themesdesign.in/tailwick/html/assets/images/cta.png]
[themesdesign.in/tailwick/html/assets/images/about.jpg]
[themesdesign.in/tailwick/html/assets/libs/swiper/swiper-bundle.min.js]
[themesdesign.in/tailwick/html/assets/libs/aos/aos.js]
[themesdesign.in/tailwick/html/assets/js/pages/landing-product.init.js]
[themesdesign.in/tailwick/html/product-landing.html]
[themesdesign.in/tailwick/html/assets/images/user-4.jpg]
[themesdesign.in/tailwick/html/assets/images/img-2.jpg]
[themesdesign.in/tailwick/html/assets/js/pages/apps-chat.init.js]
[themesdesign.in/tailwick/html/apps-chat.html]
[themesdesign.in/tailwick/html/assets/libs/@ckeditor/ckeditor5-build-classic/build/ckeditor.js]
[themesdesign.in/tailwick/html/apps-mailbox.html]
[themesdesign.in/tailwick/html/assets/js/pages/apps-email.init.js]
[themesdesign.in/tailwick/html/assets/libs/fullcalendar/index.global.min.js]
[themesdesign.in/tailwick/html/apps-calendar.html]
[themesdesign.in/tailwick/html/assets/js/pages/apps-calendar.init.js]
[themesdesign.in/tailwick/html/assets/js/pages/apps-calendar-month-grid.init.js]
[themesdesign.in/tailwick/html/apps-calendar-month-grid.html]
[themesdesign.in/tailwick/html/assets/js/pages/apps-calendar-multi-month-stack.init.js]
[themesdesign.in/tailwick/html/apps-calendar-multi-month-stack.html]
[themesdesign.in/tailwick/html/assets/js/common.js]
[themesdesign.in/tailwick/html/assets/libs/list.pagination.js/list.pagination.min.js]
[themesdesign.in/tailwick/html/apps-ecommerce-product-list.html]
[themesdesign.in/tailwick/html/assets/js/pages/apps-ecommerce-product.init.js]
[themesdesign.in/tailwick/html/assets/images/img-08.png]
[themesdesign.in/tailwick/html/assets/images/img-10.png]
[themesdesign.in/tailwick/html/assets/js/pages/apps-ecommerce-product-grid.init.js]
[themesdesign.in/tailwick/html/apps-ecommerce-product-grid.html]
[themesdesign.in/tailwick/html/assets/images/overview-01.png]
[themesdesign.in/tailwick/html/assets/images/overview-02.png]
[themesdesign.in/tailwick/html/assets/images/img-12.png]
[themesdesign.in/tailwick/html/assets/images/img-13.png]
[themesdesign.in/tailwick/html/assets/js/pages/apps-ecommerce-product-overview.init.js]
[themesdesign.in/tailwick/html/apps-ecommerce-product-overview.html]
[themesdesign.in/tailwick/html/assets/js/pages/apps-ecommerce-product-create.init.js]
[themesdesign.in/tailwick/html/apps-ecommerce-product-create.html]
[themesdesign.in/tailwick/html/assets/js/pages/apps-ecommerce-cart.init.js]
[themesdesign.in/tailwick/html/apps-ecommerce-cart.html]
[themesdesign.in/tailwick/html/assets/images/delivery-1.png]
[themesdesign.in/tailwick/html/assets/images/delivery-2.png]
[themesdesign.in/tailwick/html/assets/images/delivery-3.png]
[themesdesign.in/tailwick/html/assets/images/img-013.png]
[themesdesign.in/tailwick/html/assets/images/img-022.png]
[themesdesign.in/tailwick/html/assets/images/img-032.png]
[themesdesign.in/tailwick/html/assets/images/img-042.png]
[themesdesign.in/tailwick/html/apps-ecommerce-checkout.html]
[themesdesign.in/tailwick/html/assets/js/pages/apps-ecommerce-orders.init.js]
[themesdesign.in/tailwick/html/apps-ecommerce-orders.html]
[themesdesign.in/tailwick/html/apps-ecommerce-order-overview.html]
[themesdesign.in/tailwick/html/assets/images/search.png]
[themesdesign.in/tailwick/html/assets/js/pages/apps-ecommerce-sellers.init.js]
[themesdesign.in/tailwick/html/apps-ecommerce-sellers.html]
[themesdesign.in/tailwick/html/assets/libs/sweetalert2/sweetalert2.min.js]
[themesdesign.in/tailwick/html/apps-hr-employee.html]
[themesdesign.in/tailwick/html/assets/js/pages/apps-hr-employee.init.js]
[themesdesign.in/tailwick/html/apps-hr-holidays.html]
[themesdesign.in/tailwick/html/apps-hr-leave-employee.html]
[themesdesign.in/tailwick/html/apps-hr-create-leave-employee.html]
[themesdesign.in/tailwick/html/apps-hr-leave.html]
[themesdesign.in/tailwick/html/apps-hr-create-leave.html]
[themesdesign.in/tailwick/html/apps-hr-attendance.html]
[themesdesign.in/tailwick/html/apps-hr-attendance-main.html]
[themesdesign.in/tailwick/html/apps-hr-department.html]
[themesdesign.in/tailwick/html/apps-hr-sales-estimates.html]
[themesdesign.in/tailwick/html/apps-hr-sales-payments.html]
[themesdesign.in/tailwick/html/apps-hr-sales-expenses.html]
[themesdesign.in/tailwick/html/apps-hr-payroll-employee-salary.html]
[themesdesign.in/tailwick/html/assets/images/signature.png]
[themesdesign.in/tailwick/html/apps-hr-payroll-payslip.html]
[themesdesign.in/tailwick/html/apps-hr-payroll-create-payslip.html]
[themesdesign.in/tailwick/html/assets/libs/read-smore/index.umd.js]
[themesdesign.in/tailwick/html/apps-notes.html]
[themesdesign.in/tailwick/html/assets/js/pages/apps-notes.init.js]
[themesdesign.in/tailwick/html/assets/js/pages/apps-social-friend.init.js]
[themesdesign.in/tailwick/html/apps-social-friends.html]
[themesdesign.in/tailwick/html/assets/js/pages/apps-social-event.init.js]
[themesdesign.in/tailwick/html/apps-social-event.html]
[i.ytimg.com/vi/qYgogv4R8zg/hqdefaultc01d.jpg]
[i.ytimg.com/vi/waoOK5s9ypc/hqdefault8631.jpg]
[i.ytimg.com/vi/TrftauE2Vyk/hqdefault52bb.jpg]
[i.ytimg.com/vi/_CntOc4hBcg/hqdefaultc16b.jpg]
[i.ytimg.com/vi/GEYkwfYytAM/hqdefault6205.jpg]
[themesdesign.in/tailwick/html/apps-social-video.html]
[themesdesign.in/tailwick/html/assets/images/img-07.png]
[themesdesign.in/tailwick/html/apps-social-marketplace.html]
[themesdesign.in/tailwick/html/apps-invoice-list.html]
[themesdesign.in/tailwick/html/assets/js/pages/invoice-create.init.js]
[themesdesign.in/tailwick/html/apps-invoice-add-new.html]
[themesdesign.in/tailwick/html/apps-invoice-overview.html]
[themesdesign.in/tailwick/html/assets/js/pages/apps-user-list.init.js]
[themesdesign.in/tailwick/html/apps-users-list.html]
[themesdesign.in/tailwick/html/apps-users-grid.html]
[themesdesign.in/tailwick/html/assets/js/pages/auth-login.init.js]
[themesdesign.in/tailwick/html/auth-login-basic.html]
[themesdesign.in/tailwick/html/auth-login-cover.html]
[themesdesign.in/tailwick/html/index-2.html]
[themesdesign.in/tailwick/html/assets/images/img-01.png]
[themesdesign.in/tailwick/html/auth-login-boxed.html]
[themesdesign.in/tailwick/html/assets/images/auth-modern.png]
[themesdesign.in/tailwick/html/auth-login-modern.html]
[themesdesign.in/tailwick/html/assets/js/pages/auth-register.init.js]
[themesdesign.in/tailwick/html/auth-register-basic.html]
[themesdesign.in/tailwick/html/auth-register-cover.html]
[themesdesign.in/tailwick/html/auth-register-boxed.html]
[themesdesign.in/tailwick/html/auth-register-modern.html]
[themesdesign.in/tailwick/html/assets/images/auth-email.png]
[themesdesign.in/tailwick/html/auth-verify-email-basic.html]
[themesdesign.in/tailwick/html/auth-verify-email-cover.html]
[themesdesign.in/tailwick/html/auth-verify-email-modern.html]
[themesdesign.in/tailwick/html/assets/js/pages/auth-two-steps.init.js]
[themesdesign.in/tailwick/html/auth-two-steps-basic.html]
[themesdesign.in/tailwick/html/auth-two-steps-cover.html]
[themesdesign.in/tailwick/html/auth-two-steps-boxed.html]
[themesdesign.in/tailwick/html/auth-two-steps-modern.html]
[themesdesign.in/tailwick/html/auth-logout-basic.html]
[themesdesign.in/tailwick/html/auth-logout-cover.html]
[themesdesign.in/tailwick/html/auth-logout-boxed.html]
[themesdesign.in/tailwick/html/auth-logout-modern.html]
[themesdesign.in/tailwick/html/auth-reset-password-basic.html]
[themesdesign.in/tailwick/html/auth-reset-password-cover.html]
[themesdesign.in/tailwick/html/auth-reset-password-boxed.html]
[themesdesign.in/tailwick/html/auth-reset-password-modern.html]
[themesdesign.in/tailwick/html/auth-create-password-basic.html]
[themesdesign.in/tailwick/html/auth-create-password-cover.html]
[themesdesign.in/tailwick/html/auth-create-password-boxed.html]
[themesdesign.in/tailwick/html/auth-create-password-modern.html]
[themesdesign.in/tailwick/html/assets/images/medal.png]
[themesdesign.in/tailwick/html/assets/js/pages/pages-account.init.js]
[themesdesign.in/tailwick/html/pages-account.html]
[themesdesign.in/tailwick/html/assets/js/pages/pages-account-setting.init.js]
[themesdesign.in/tailwick/html/pages-account-settings.html]
[themesdesign.in/tailwick/html/pages-pricing.html]
[themesdesign.in/tailwick/html/assets/images/faq.png]
[themesdesign.in/tailwick/html/pages-faqs.html]
[themesdesign.in/tailwick/html/pages-contact-us.html]
[themesdesign.in/tailwick/html/assets/js/pages/pages-coming-soon.init.js]
[themesdesign.in/tailwick/html/pages-coming-soon.html]
[themesdesign.in/tailwick/html/assets/images/error-404.png]
[themesdesign.in/tailwick/html/pages-404.html]
[themesdesign.in/tailwick/html/assets/images/offline.png]
[themesdesign.in/tailwick/html/pages-offline.html]
[themesdesign.in/tailwick/html/assets/images/maintenance.png]
[themesdesign.in/tailwick/html/pages-maintenance.html]
[themesdesign.in/tailwick/html/ui-alerts.html]
[themesdesign.in/tailwick/html/ui-avatar.html]
[themesdesign.in/tailwick/html/ui-buttons.html]
[themesdesign.in/tailwick/html/ui-label.html]
[themesdesign.in/tailwick/html/assets/images/img-4.jpg]
[themesdesign.in/tailwick/html/assets/images/img-1.jpg]
[themesdesign.in/tailwick/html/assets/images/img-9.jpg]
[themesdesign.in/tailwick/html/assets/images/img-10.jpg]
[themesdesign.in/tailwick/html/assets/images/img-7.jpg]
[themesdesign.in/tailwick/html/ui-cards.html]
[themesdesign.in/tailwick/html/ui-collapse.html]
[themesdesign.in/tailwick/html/ui-countdown.html]
[themesdesign.in/tailwick/html/ui-drawer.html]
[themesdesign.in/tailwick/html/ui-dropdown.html]
[themesdesign.in/tailwick/html/assets/images/img-8.jpg]
[themesdesign.in/tailwick/html/ui-gallery.html]
[themesdesign.in/tailwick/html/ui-lists.html]
[themesdesign.in/tailwick/html/assets/js/pages/notifications.init.js]
[themesdesign.in/tailwick/html/ui-notification.html]
[themesdesign.in/tailwick/html/ui-modal.html]
[themesdesign.in/tailwick/html/ui-spinners.html]
[themesdesign.in/tailwick/html/ui-timeline.html]
[themesdesign.in/tailwick/html/ui-progress-bar.html]
[themesdesign.in/tailwick/html/ui-tooltip.html]
[themesdesign.in/tailwick/html/ui-video.html]
[themesdesign.in/tailwick/html/plugins-sweetalert.html]
[themesdesign.in/tailwick/html/assets/js/pages/sweetalert.init.js]
[themesdesign.in/tailwick/html/plugins-simplebar.html]
[themesdesign.in/tailwick/html/assets/images/small/img-2.jpg]
[themesdesign.in/tailwick/html/assets/images/small/img-4.jpg]
[themesdesign.in/tailwick/html/assets/images/small/img-5.jpg]
[themesdesign.in/tailwick/html/assets/images/small/img-10.jpg]
[themesdesign.in/tailwick/html/assets/images/small/img-9.jpg]
[themesdesign.in/tailwick/html/assets/images/small/img-8.jpg]
[themesdesign.in/tailwick/html/assets/images/small/img-7.jpg]
[themesdesign.in/tailwick/html/assets/js/pages/plugins-lightbox.init.js]
[themesdesign.in/tailwick/html/plugins-lightbox.html]
[themesdesign.in/tailwick/html/assets/images/img-11.jpg]
[themesdesign.in/tailwick/html/assets/images/img-12.jpg]
[themesdesign.in/tailwick/html/assets/js/pages/swiper.init.js]
[themesdesign.in/tailwick/html/plugins-swiper-slider.html]
[unpkg.com/scroll-hint@1.2.5/css/scroll-hint.css]
[themesdesign.in/tailwick/html/assets/libs/scroll-hint/js/scroll-hint.min.js]
[themesdesign.in/tailwick/html/assets/js/pages/plugins-scroll-hint.init.js]
[themesdesign.in/tailwick/html/plugins-scroll-hint.html]
[themesdesign.in/tailwick/html/assets/libs/plyr/plyr.min.js]
[themesdesign.in/tailwick/html/assets/js/pages/plugins-video-player.init.js]
[themesdesign.in/tailwick/html/plugins-video-player.html]
[themesdesign.in/tailwick/html/assets/js/pages/navbar.init.js]
[themesdesign.in/tailwick/html/navigation-navbars.html]
[themesdesign.in/tailwick/html/navigation-tabs.html]
[themesdesign.in/tailwick/html/navigation-breadcrumb.html]
[themesdesign.in/tailwick/html/navigation-pagination.html]
[themesdesign.in/tailwick/html/forms-basic.html]
[themesdesign.in/tailwick/html/assets/js/pages/form-validation.init.js]
[themesdesign.in/tailwick/html/forms-validation.html]
[themesdesign.in/tailwick/html/assets/libs/cleave.js/cleave.min.js]
[themesdesign.in/tailwick/html/assets/js/pages/form-mask.init.js]
[themesdesign.in/tailwick/html/forms-input-mask.html]
[themesdesign.in/tailwick/html/forms-select.html]
[themesdesign.in/tailwick/html/forms-checkbox-radio.html]
[themesdesign.in/tailwick/html/forms-switches.html]
[themesdesign.in/tailwick/html/assets/js/pages/form-wizard.init.js]
[themesdesign.in/tailwick/html/forms-wizard.html]
[themesdesign.in/tailwick/html/assets/js/pages/form-file-upload.init.js]
[themesdesign.in/tailwick/html/forms-file-upload.html]
[themesdesign.in/tailwick/html/forms-datepicker.html]
[themesdesign.in/tailwick/html/forms-timepicker.html]
[themesdesign.in/tailwick/html/assets/libs/@simonwep/pickr/pickr.min.js]
[themesdesign.in/tailwick/html/assets/js/pages/form-colorpicker.init.js]
[themesdesign.in/tailwick/html/forms-colorpicker.html]
[themesdesign.in/tailwick/html/assets/libs/multi.js/multi.min.js]
[themesdesign.in/tailwick/html/assets/js/pages/form-multi-select.init.js]
[themesdesign.in/tailwick/html/forms-multi-select.html]
[themesdesign.in/tailwick/html/assets/js/pages/form-input-spine.init.js]
[themesdesign.in/tailwick/html/forms-input-spin.html]
[themesdesign.in/tailwick/html/assets/libs/clipboard/clipboard.min.js]
[themesdesign.in/tailwick/html/assets/js/pages/clipbord.init.js]
[themesdesign.in/tailwick/html/forms-clipboard.html]
[themesdesign.in/tailwick/html/assets/js/pages/form-editor-balloon.init.js]
[themesdesign.in/tailwick/html/forms-editor-balloon.html]
[themesdesign.in/tailwick/html/assets/libs/@ckeditor/ckeditor5-build-balloon/build/ckeditor.js]
[themesdesign.in/tailwick/html/assets/js/pages/form-editor-classic.init.js]
[themesdesign.in/tailwick/html/forms-editor-classic.html]
[themesdesign.in/tailwick/html/assets/js/pages/form-editor-inline.init.js]
[themesdesign.in/tailwick/html/forms-editor-inline.html]
[themesdesign.in/tailwick/html/tables-basic.html]
[themesdesign.in/tailwick/html/assets/libs/@ckeditor/ckeditor5-build-inline/build/ckeditor.js]
[themesdesign.in/tailwick/html/assets/js/datatables/jquery-3.7.0.js]
[themesdesign.in/tailwick/html/assets/js/datatables/data-tables.min.js]
[themesdesign.in/tailwick/html/assets/js/datatables/data-tables.tailwindcss.min.js]
[themesdesign.in/tailwick/html/assets/js/datatables/datatables.buttons.min.js]
[themesdesign.in/tailwick/html/assets/js/datatables/jszip.min.js]
[themesdesign.in/tailwick/html/assets/js/datatables/buttons.html5.min.js]
[themesdesign.in/tailwick/html/assets/js/datatables/pdfmake.min.js]
[themesdesign.in/tailwick/html/assets/js/datatables/buttons.print.min.js]
[themesdesign.in/tailwick/html/assets/js/datatables/datatables.init.js]
[themesdesign.in/tailwick/html/tables-datatable.html]
[themesdesign.in/tailwick/html/assets/libs/flatpickr/flatpickr.min.js]
[themesdesign.in/tailwick/html/tables-listjs.html]
[themesdesign.in/tailwick/html/assets/js/pages/listjs.init.js]
[themesdesign.in/tailwick/html/assets/libs/gridjs/gridjs.umd.js]
[themesdesign.in/tailwick/html/assets/js/pages/tables-grid.init.js]
[themesdesign.in/tailwick/html/tables-gridjs.html]
[themesdesign.in/tailwick/html/assets/libs/moment/moment.js]
[apexcharts.com/samples/assets/github-data.js]
[apexcharts.com/samples/assets/irregular-data-series.js]
[themesdesign.in/tailwick/html/charts-apex-area.html]
[themesdesign.in/tailwick/html/assets/js/pages/apexcharts-area.init.js]
[themesdesign.in/tailwick/html/charts-apex-bar.html]
[themesdesign.in/tailwick/html/assets/js/pages/apexcharts-bar.init.js]
[themesdesign.in/tailwick/html/assets/js/pages/apexcharts-boxplot.init.js]
[themesdesign.in/tailwick/html/charts-apex-boxplot.html]
[themesdesign.in/tailwick/html/assets/js/pages/apexcharts-bubble.init.js]
[themesdesign.in/tailwick/html/charts-apex-bubble.html]
[apexcharts.com/samples/assets/ohlc.js]
[cdnjs.cloudflare.com/ajax/libs/dayjs/1.8.17/dayjs.min.js]
[themesdesign.in/tailwick/html/charts-apex-candlstick.html]
[themesdesign.in/tailwick/html/assets/js/pages/apexcharts-candlstick.init.js]
[cdnjs.cloudflare.com/ajax/libs/dayjs/1.11.0/dayjs.min.js]
[cdnjs.cloudflare.com/ajax/libs/dayjs/1.11.0/plugin/quarterOfYear.min.js]
[themesdesign.in/tailwick/html/charts-apex-column.html]
[themesdesign.in/tailwick/html/assets/js/pages/apexcharts-column.init.js]
[themesdesign.in/tailwick/html/assets/js/pages/apexcharts-funnel.init.js]
[themesdesign.in/tailwick/html/charts-apex-funnel.html]
[themesdesign.in/tailwick/html/charts-apex-heatmap.html]
[themesdesign.in/tailwick/html/assets/js/pages/apexcharts-heatmap.init.js]
[themesdesign.in/tailwick/html/charts-apex-line.html]
[themesdesign.in/tailwick/html/assets/js/pages/apexcharts-line.init.js]
[themesdesign.in/tailwick/html/charts-apex-mixed.html]
[themesdesign.in/tailwick/html/assets/js/pages/apexcharts-mixed.init.js]
[themesdesign.in/tailwick/html/charts-apex-pie.html]
[themesdesign.in/tailwick/html/assets/js/pages/apexcharts-pie.init.js]
[themesdesign.in/tailwick/html/assets/js/pages/apexcharts-polar.init.js]
[themesdesign.in/tailwick/html/charts-apex-polar.html]
[themesdesign.in/tailwick/html/assets/js/pages/apexcharts-radar.init.js]
[themesdesign.in/tailwick/html/charts-apex-radar.html]
[themesdesign.in/tailwick/html/assets/js/pages/apexcharts-radialbar.init.js]
[themesdesign.in/tailwick/html/charts-apex-radialbar.html]
[themesdesign.in/tailwick/html/charts-apex-range-area.html]
[themesdesign.in/tailwick/html/assets/js/pages/apexcharts-range-area.init.js]
[themesdesign.in/tailwick/html/charts-apex-scatter.html]
[themesdesign.in/tailwick/html/assets/js/pages/apexcharts-scatter.init.js]
[themesdesign.in/tailwick/html/assets/libs/moment/min/moment.min.js]
[themesdesign.in/tailwick/html/charts-apex-timeline.html]
[themesdesign.in/tailwick/html/assets/js/pages/apexcharts-timeline.init.js]
[themesdesign.in/tailwick/html/assets/js/pages/apexcharts-treemap.init.js]
[themesdesign.in/tailwick/html/charts-apex-treemap.html]
[themesdesign.in/tailwick/html/icons-remix.html]
[themesdesign.in/tailwick/html/icons-lucide.html]
[themesdesign.in/tailwick/html/assets/libs/gmaps/gmaps.min.js]
[themesdesign.in/tailwick/html/assets/js/pages/gmaps.init.js]
[themesdesign.in/tailwick/html/maps-google.html]
[themesdesign.in/tailwick/html/assets/libs/leaflet/leaflet.js]
[themesdesign.in/tailwick/html/assets/js/pages/leaflet-us-states.js]
[themesdesign.in/tailwick/html/assets/js/pages/leaflet-map.init.js]
[themesdesign.in/tailwick/html/maps-leaflet.html]
[themesdesign.in/tailwick/html/assets/images/us.svg]
[themesdesign.in/tailwick/html/assets/images/es.svg]
[themesdesign.in/tailwick/html/assets/images/de.svg]
[themesdesign.in/tailwick/html/assets/images/fr.svg]
[themesdesign.in/tailwick/html/assets/images/jp.svg]
[themesdesign.in/tailwick/html/assets/images/china.svg]
[themesdesign.in/tailwick/html/assets/images/it2.svg]
[themesdesign.in/tailwick/html/assets/images/ru2.svg]
[themesdesign.in/tailwick/html/assets/images/ae2.svg]
[themesdesign.in/tailwick/html/assets/images/remixicona57d.svg]
[themesdesign.in/tailwick/html/assets/images/us2.svg]
[themesdesign.in/tailwick/html/assets/images/es2.svg]
[themesdesign.in/tailwick/html/assets/images/de2.svg]
[themesdesign.in/tailwick/html/assets/images/fr2.svg]
[themesdesign.in/tailwick/html/assets/images/jp2.svg]
[themesdesign.in/tailwick/html/assets/images/it.svg]
[themesdesign.in/tailwick/html/assets/images/ru.svg]
[themesdesign.in/tailwick/html/assets/images/ae.svg]
[unpkg.com/aos@3.0.0-beta.6/dist/aos.css]
[themesdesign.in/tailwick/images/product/bg.html]
[themesdesign.in/tailwick/html/index-2.html]
[themesdesign.in/tailwick/html/auth-signup-cover.html]
[themesdesign.in/tailwick/html/_http_/google.html]
[unpkg.com/scroll-hint@1.2.5/css/scroll-hint.css]
